2025-10-21 12:23:04,666 - INFO - HEAD http://localhost:9200/ [status:200 duration:0.004s]
2025-10-21 12:23:04,667 - INFO - ✅ 成功连接到Elasticsearch
2025-10-21 12:23:04,702 - INFO - ✅ 成功连接到Milvus
2025-10-21 12:23:04,705 - INFO - ✅ 初始化嵌入模型: jina
2025-10-21 12:23:04,705 - INFO - 动态检测嵌入向量维度...
2025-10-21 12:23:04,705 - INFO - 🔄 开始编码 1 个文本
2025-10-21 12:23:07,279 - INFO - ✅ 编码完成，获得 (1, 768) 的向量数组
2025-10-21 12:23:07,279 - INFO - ✅ 初始化嵌入模型: jina (维度: 768)
2025-10-21 12:23:07,292 - INFO - HEAD http://localhost:9200/medical_sections_optimized [status:404 duration:0.012s]
2025-10-21 12:23:07,589 - INFO - PUT http://localhost:9200/medical_sections_optimized [status:200 duration:0.296s]
2025-10-21 12:23:07,590 - INFO - ✅ 创建优化Elasticsearch索引: medical_sections_optimized
2025-10-21 12:23:07,590 - INFO -    使用分词器: standard
2025-10-21 12:23:09,042 - INFO - ✅ 创建优化Milvus集合: medical_section_vectors_optimized
2025-10-21 12:23:11,094 - INFO - 📖 开始从JSON文件加载数据: data/processed_chunks.json
2025-10-21 12:23:11,095 - INFO - ✅ 成功加载 54 个数据块
2025-10-21 12:23:11,095 - INFO - 🧹 开始处理和清洗数据...
2025-10-21 12:23:11,100 - INFO - ✅ 数据处理完成:
2025-10-21 12:23:11,100 - INFO -    - 处理的数据块: 54
2025-10-21 12:23:11,100 - INFO -    - 清洗的数据块: 51
2025-10-21 12:23:11,100 - INFO -    - 平均长度变化: 16.0 -> 12.1 词
2025-10-21 12:23:11,100 - INFO - 📤 开始向优化Elasticsearch导入数据，共 54 个文档...
2025-10-21 12:23:11,174 - INFO - PUT http://localhost:9200/_bulk [status:200 duration:0.070s]
2025-10-21 12:23:11,174 - INFO - ✅ 优化Elasticsearch导入完成: 成功 54 个, 失败 0 个
2025-10-21 12:23:11,255 - INFO - POST http://localhost:9200/medical_sections_optimized/_refresh [status:200 duration:0.080s]
2025-10-21 12:23:11,256 - INFO - 🧮 开始生成嵌入向量，共 54 个文本...
2025-10-21 12:23:11,256 - INFO - 🔄 开始编码 54 个文本
2025-10-21 12:23:36,801 - INFO - ✅ 编码完成，获得 (54, 768) 的向量数组
2025-10-21 12:23:36,804 - INFO - ✅ 嵌入向量生成完成
2025-10-21 12:23:36,804 - INFO - 📤 开始向优化Milvus导入数据，共 54 个向量...
2025-10-21 12:23:39,897 - INFO - ✅ 优化Milvus数据导入完成
2025-10-21 12:23:39,899 - INFO - 📈 优化Milvus集合向量总数: 54
2025-10-21 12:23:39,899 - INFO - 
🎉 所有优化数据导入流程成功完成！
2025-10-21 12:23:39,899 - INFO - 📊 总计导入: 54 个数据块
2025-10-21 12:23:39,899 - INFO - 🔌 关闭Elasticsearch连接
2025-10-21 12:23:39,901 - INFO - 🔌 关闭Milvus连接
